---
source: lumina/tests/formatting.rs
expression: formatted
snapshot_kind: text
---
use std:io

fn main =
  let user = ("Jonas", 25)
   in print_user user

fn print_user (name, age) as (string, int) -> () =
  io:println (name <> " " <> show age)
