---
source: lumina/tests/formatting.rs
expression: formatted
snapshot_kind: text
---
use std:io

fn main = io:println (10 - 1 * 2 / (4 + 1) - 2 +++ 5)

fn +++ x y as int int -> int = x + y + y
