---
source: lumina-parser/src/tests.rs
expression: "{ \"(fn a -> b)\"; format! (\"\\n{}\", ast) }"
snapshot_kind: text
---
(fn a -> b)
