---
source: lumina-parser/src/tests.rs
expression: "{ \"(fn -> b)\"; format! (\"\\n{}\", ast) }"
snapshot_kind: text
---
(fn b)
