---
source: lumina-parser/src/tests.rs
expression: "{\n    \"(fn (fnptr a b -> c) (fn d -> e) -> (fn f -> (fn -> g)))\"; format!\n    (\"\\n{}\", ast)\n}"
snapshot_kind: text
---
(fn (fnptr a b -> c) (fn d -> e) -> (fn f -> (fn g)))
