---
source: lumina-parser/src/tests.rs
expression: "{ \"(fnptr a -> b)\"; format! (\"\\n{}\", ast) }"
snapshot_kind: text
---
(fnptr a -> b)
