---
source: lumina-parser/src/tests.rs
expression: "{ \"(*string, *(fnptr *int), ****int)\"; format! (\"\\n{}\", ast) }"
snapshot_kind: text
---
(*string, *(fnptr *int), ****int)
